[testing.literatehosting.com/index.html]
[backblue.gif]
[fade.gif]
[index.html]
[testing.literatehosting.com/uploads/default/optimized/1X/_129430568242d1b7f853bb13ebea28b3f6af4e7_2_32x32.png]
[testing.literatehosting.com/uploads/default/optimized/1X/_129430568242d1b7f853bb13ebea28b3f6af4e7_2_180x180.png]
[testing.literatehosting.com/opensearch.xml]
[testing.literatehosting.com/stylesheets/desktop_2_e1e7446ef193bc952528e65ef8eac8592397d38f.css_; filename_=UTF-8''desktop_2_e1e7446ef193bc952528e65ef8eac8592397d38fd7a9.css]
[testing.literatehosting.com/stylesheets/desktop_theme_2_e0951e3abd6319e33a4ad30c0eefa886aba11456.css_; filename_=UTF-8''desktop_theme_2_e0951e3abd6319e33a4ad30c0eefa886aba11456d7a9.css]
[testing.literatehosting.com/theme-javascripts/60ea166c44d2a9e0e7a1a5df802d368847534216.js_; filename_=UTF-8''60ea166c44d2a9e0e7a1a5df802d368847534216d7a9.js]
[testing.literatehosting.com/images/discourse-logo-sketch.png]
[testing.literatehosting.com/c/transcription/5.html]
[testing.literatehosting.com/c/uncategorized/1.html]
[testing.literatehosting.com/c/site-feedback/2.html]
[testing.literatehosting.com/categories.html]
[testing.literatehosting.com/guidelines.html]
[testing.literatehosting.com/tos.html]
[testing.literatehosting.com/privacy.html]
[testing.literatehosting.com/index.html]
[testing.literatehosting.com/stylesheets/desktop_2_e1e7446ef193bc952528e65ef8eac8592397d38f.css_; filename_=UTF-8''desktop_2_e1e7446ef193bc952528e65ef8eac8592397d38fd7a9.css]
[testing.literatehosting.com/stylesheets/desktop_theme_2_e0951e3abd6319e33a4ad30c0eefa886aba11456.css_; filename_=UTF-8''desktop_theme_2_e0951e3abd6319e33a4ad30c0eefa886aba11456d7a9.css]
[testing.literatehosting.com/c/transcription/52679.html]
[testing.literatehosting.com/posts.rss]
[testing.literatehosting.com/latest.rss]
[testing.literatehosting.com/c/transcription/5.rss]
[testing.literatehosting.com/c/transcription/announcements/6.html]
[testing.literatehosting.com/c/transcription/general/7.html]
[testing.literatehosting.com/t/about-the-transcription-category/11.html]
[testing.literatehosting.com/u/pfaffman.html]
[testing.literatehosting.com/user_avatar/testing.literatehosting.com/pfaffman/25/2_2.png]
[testing.literatehosting.com/c/transcription/5.html]
[testing.literatehosting.com/t/reject-this-mother/23.html]
[testing.literatehosting.com/c/uncategorized/12679.html]
[testing.literatehosting.com/c/uncategorized/1.rss]
[testing.literatehosting.com/t/welcome-to-discourse/7.html]
[testing.literatehosting.com/u/system.html]
[testing.literatehosting.com/user_avatar/testing.literatehosting.com/system/25/1_2.png]
[testing.literatehosting.com/t/another-one-test-that-i-think-it-really-good/22.html]
[testing.literatehosting.com/t/can-i-upload-this-image/21.html]
[testing.literatehosting.com/t/thi-sia-test-again-will-this-work/19.html]
[testing.literatehosting.com/c/uncategorized/1.html]
[testing.literatehosting.com/t/this-is-a-test-uplaods/18.html]
[testing.literatehosting.com/c/site-feedback/22679.html]
[testing.literatehosting.com/c/site-feedback/2.rss]
[testing.literatehosting.com/c/site-feedback/2.html]
[testing.literatehosting.com/categories.html]
[testing.literatehosting.com/t/about-the-site-feedback-category/1.html]
[testing.literatehosting.com/about.html]
[testing.literatehosting.com/faq.html]
[testing.literatehosting.com/guidelines.html]
[testing.literatehosting.com/tos.html]
[testing.literatehosting.com/privacy.html]
[testing.literatehosting.com/c/transcription/52679.html]
[testing.literatehosting.com/c/transcription/announcements/62679.html]
[testing.literatehosting.com/c/transcription/announcements/6.rss]
[testing.literatehosting.com/c/transcription/announcements/6.html]
[testing.literatehosting.com/t/about-the-announcements-category/12.html]
[testing.literatehosting.com/c/transcription/general/72679.html]
[testing.literatehosting.com/c/transcription/general/7.rss]
[testing.literatehosting.com/c/transcription/general/7.html]
[testing.literatehosting.com/t/about-the-general-category/13.html]
[testing.literatehosting.com/t/about-the-transcription-category/11.rss]
[testing.literatehosting.com/t/about-the-transcription-category/11.html]
[testing.literatehosting.com/user_avatar/testing.literatehosting.com/pfaffman/45/2_2.png]
[testing.literatehosting.com/u/pfaffman.html]
[testing.literatehosting.com/t/reject-this-mother/23.rss]
[testing.literatehosting.com/t/reject-this-mother/23.html]
[testing.literatehosting.com/c/uncategorized/12679.html]
[testing.literatehosting.com/t/welcome-to-discourse/7.rss]
[testing.literatehosting.com/images/welcome/discourse-edit-post-animated.gif]
[testing.literatehosting.com/images/emoji/twitter/wrenchc164.png]
[testing.literatehosting.com/t/welcome-to-discourse/7.html]
[testing.literatehosting.com/user_avatar/testing.literatehosting.com/system/45/1_2.png]
[testing.literatehosting.com/u/system.html]
[testing.literatehosting.com/t/another-one-test-that-i-think-it-really-good/22.rss]
[testing.literatehosting.com/t/another-one-test-that-i-think-it-really-good/22.html]
[testing.literatehosting.com/t/can-i-upload-this-image/21.rss]
[testing.literatehosting.com/t/can-i-upload-this-image/21.html]
[testing.literatehosting.com/t/thi-sia-test-again-will-this-work/19.rss]
[testing.literatehosting.com/t/thi-sia-test-again-will-this-work/19.html]
[testing.literatehosting.com/t/this-is-a-test-uplaods/18.rss]
[testing.literatehosting.com/t/this-is-a-test-uplaods/18.html]
[testing.literatehosting.com/c/site-feedback/22679.html]
[testing.literatehosting.com/t/about-the-site-feedback-category/1.rss]
[testing.literatehosting.com/t/about-the-site-feedback-category/1.html]
[testing.literatehosting.com/about.html]
[testing.literatehosting.com/faq.html]
[testing.literatehosting.com/c/transcription/announcements/62679.html]
[testing.literatehosting.com/t/about-the-announcements-category/12.rss]
[testing.literatehosting.com/t/about-the-announcements-category/12.html]
[testing.literatehosting.com/c/transcription/general/72679.html]
[testing.literatehosting.com/t/about-the-general-category/13.rss]
[testing.literatehosting.com/t/about-the-general-category/13.html]
